// Jest Snapshot v1, https://goo.gl/fbAQLP

exports[`HeaderComponent snaphots should create snapshot 1`] = `
<sp-header>
  <nav
    class="navbar navbar-dark mb-5"
  >
    <a
      class="navbar-brand"
      routerlink="playlist"
    >
      My Spotify playlist!
    </a>
  </nav>
</sp-header>
`;
